QA output created by 019
Allow global fail_make_request feature
Force SCRATCH_DEV device failure
Make SCRATCH_DEV device operable again
Disallow global fail_make_request feature
