QA output created by 305
Format and mount
Create the original files
root 12288 0 0
nobody 0 0 0
fsgqa 0 0 0
Change file ownership
root 0 0 0
nobody 0 0 0
fsgqa 12288 0 0
CoW one of the files
root 0 0 0
nobody 0 0 0
fsgqa 12288 0 0
Remount the FS to see if accounting changes
root 0 0 0
nobody 0 0 0
fsgqa 12288 0 0
Chown one of the files
root 0 0 0
nobody 4096 0 0
fsgqa 8192 0 0
