QA output created by 363
fsx -q -S 0 -e 1 -N 100000
