QA output created by 367
TEST: Set extsize on empty file
[EXTSIZE] SCRATCH_MNT/new-file-00
e flag set
Re-setting extsize hint to 0
[EXTSIZE] SCRATCH_MNT/new-file-00
e flag unset

TEST: Set extsize on non-empty file with delayed allocation
xfs_io: FS_IOC_FSSETXATTR SCRATCH_MNT/new-file-01: Invalid argument
test for default extsize setting if any
[EXTSIZE] SCRATCH_MNT/new-file-01

TEST: Set extsize on non-empty file with allocated extents
xfs_io: FS_IOC_FSSETXATTR SCRATCH_MNT/new-file-02: Invalid argument
test for default extsize setting if any
[EXTSIZE] SCRATCH_MNT/new-file-02

TEST: Set extsize after truncating a file with allocated extents
[EXTSIZE] SCRATCH_MNT/new-file-03
e flag set

TEST: Set extsize after truncating a file with delayed allocation
[EXTSIZE] SCRATCH_MNT/new-file-04
e flag set

