QA output created by 756
test_file_handles TEST_DIR/756-dir -Md
test_file_handles TEST_DIR/756-dir -M
test_file_handles TEST_DIR/756-dir -Ml
test_file_handles TEST_DIR/756-dir -Mu
