QA output created by 629
file.0 extent count is in range
file.1 extent count is in range
file.2 extent count is in range
file.3 extent count is in range
file.4 extent count is in range
file.5 extent count is in range
file.6 extent count is in range
file.7 extent count is in range
