QA output created by 632
file.0 extent count is in range
file.1 extent count is in range
file.2 extent count is in range
file.3 extent count is in range
file.4 extent count is in range
file.5 extent count is in range
file.6 extent count is in range
file.7 extent count is in range
file.8 extent count is in range
file.9 extent count is in range
file.10 extent count is in range
file.11 extent count is in range
file.12 extent count is in range
file.13 extent count is in range
file.14 extent count is in range
file.15 extent count is in range
file.16 extent count is in range
file.17 extent count is in range
file.18 extent count is in range
file.19 extent count is in range
file.20 extent count is in range
file.21 extent count is in range
file.22 extent count is in range
file.23 extent count is in range
file.24 extent count is in range
file.25 extent count is in range
file.26 extent count is in range
file.27 extent count is in range
file.28 extent count is in range
file.29 extent count is in range
file.30 extent count is in range
file.31 extent count is in range
