QA output created by 802
Format and populate
Scrub Scratch FS
Scrub Everything
Scrub Done
