QA output created by 805
autofsck=repair
failed to get attr xfs:autofsck on inode XXX: No data available
autofsck=none
autofsck=check
autofsck=optimize
autofsck=repair
autofsck=none
autofsck=repair
