QA output created by 806
Info: TEST_DIR/806.mount: Checking and repairing per autofsck directive.
Info: TEST_DIR/806.mount: Disabling scrub per autofsck directive.
Info: TEST_DIR/806.mount: Checking per autofsck directive.
Info: TEST_DIR/806.mount: Optimizing per autofsck directive.
Info: TEST_DIR/806.mount: Checking and repairing per autofsck directive.
Info: TEST_DIR/806.mount: Disabling scrub per autofsck directive.
Info: TEST_DIR/806.mount: Checking and repairing per autofsck directive.
