QA output created by 100
Label: none  uuid: <UUID>
	Total devices <NUM> FS bytes used <SIZE>
	devid <DEVID> size <SIZE> used <SIZE> path SCRATCH_DEV
	devid <DEVID> size <SIZE> used <SIZE> path /dev/mapper/error-test
Label: none  uuid: <UUID>
	Total devices <NUM> FS bytes used <SIZE>
	devid <DEVID> size <SIZE> used <SIZE> path SCRATCH_DEV
=== device replace completed
