QA output created by 254
Label: none  uuid: <UUID>
	Total devices <NUM> FS bytes used <SIZE>
	devid <DEVID> size <SIZE> used <SIZE> path SCRATCH_DEV
	*** Some devices missing
