QA output created by 287
resolve first extent:
inode 257 offset 0 root 5
resolve second extent:
inode 257 offset 4194304 root 5
linked 8388608/8388608 bytes at offset 8388608
XXX Bytes, X ops; XX:XX:XX.X (XXX YYY/sec and XXX ops/sec)
linked 8388608/8388608 bytes at offset 16777216
XXX Bytes, X ops; XX:XX:XX.X (XXX YYY/sec and XXX ops/sec)
resolve first extent:
inode 257 offset 16777216 root 5
inode 257 offset 8388608 root 5
inode 257 offset 0 root 5
resolve second extent:
inode 257 offset 20971520 root 5
inode 257 offset 12582912 root 5
inode 257 offset 4194304 root 5
resolve first extent after punching hole at file range [0, 2M):
inode 257 offset 16777216 root 5
inode 257 offset 8388608 root 5
resolve first extent with ignore offset option:
inode 257 offset 16777216 root 5
inode 257 offset 8388608 root 5
inode 257 offset 2097152 root 5
resolve first extent +1M offset:
inode 257 offset 17825792 root 5
inode 257 offset 9437184 root 5
resolve first extent +1M offset with ignore offset option:
inode 257 offset 16777216 root 5
inode 257 offset 8388608 root 5
inode 257 offset 2097152 root 5
resolve first extent +3M offset:
inode 257 offset 19922944 root 5
inode 257 offset 11534336 root 5
inode 257 offset 3145728 root 5
resolve first extent +3M offset with ignore offset option:
inode 257 offset 16777216 root 5
inode 257 offset 8388608 root 5
inode 257 offset 2097152 root 5
resolve first extent:
inode 257 offset 16777216 snap2
inode 257 offset 8388608 snap2
inode 257 offset 16777216 snap1
inode 257 offset 8388608 snap1
inode 257 offset 16777216 root 5
inode 257 offset 8388608 root 5
resolve first extent with ignore offset option:
inode 257 offset 16777216 snap2
inode 257 offset 8388608 snap2
inode 257 offset 2097152 snap2
inode 257 offset 16777216 snap1
inode 257 offset 8388608 snap1
inode 257 offset 2097152 snap1
inode 257 offset 16777216 root 5
inode 257 offset 8388608 root 5
inode 257 offset 2097152 root 5
resolve second extent after punching hole at file range [4M, 5M):
inode 257 offset 20971520 snap2
inode 257 offset 12582912 snap2
inode 257 offset 4194304 snap2
inode 257 offset 20971520 snap1
inode 257 offset 12582912 snap1
inode 257 offset 4194304 snap1
inode 257 offset 20971520 root 5
inode 257 offset 12582912 root 5
resolve second extent with ignore offset option:
inode 257 offset 20971520 snap2
inode 257 offset 12582912 snap2
inode 257 offset 4194304 snap2
inode 257 offset 20971520 snap1
inode 257 offset 12582912 snap1
inode 257 offset 4194304 snap1
inode 257 offset 20971520 root 5
inode 257 offset 12582912 root 5
inode 257 offset 5242880 root 5
Delete subvolume 'SCRATCH_MNT/snap1'
resolve second extent:
inode 257 offset 20971520 snap2
inode 257 offset 12582912 snap2
inode 257 offset 4194304 snap2
inode 257 offset 20971520 root 5
inode 257 offset 12582912 root 5
resolve second extent with ignore offset option:
inode 257 offset 20971520 snap2
inode 257 offset 12582912 snap2
inode 257 offset 4194304 snap2
inode 257 offset 20971520 root 5
inode 257 offset 12582912 root 5
inode 257 offset 5242880 root 5
