QA output created by 319
wrote 1048581/1048581 bytes at offset 0
XXX Bytes, X ops; XX:XX:XX.X (XXX YYY/sec and XXX ops/sec)
Creating snapshot and a send stream for it...
File digests in the original filesystem:
e61178ee0288ebe3fa36a3c975b02c94  SCRATCH_MNT/snap/foo
e61178ee0288ebe3fa36a3c975b02c94  SCRATCH_MNT/snap/bar
Creating a new filesystem to receive the send stream...
At subvol snap
File digests in the new filesystem:
e61178ee0288ebe3fa36a3c975b02c94  SCRATCH_MNT/snap/foo
e61178ee0288ebe3fa36a3c975b02c94  SCRATCH_MNT/snap/bar
