QA output created by 322
wrote 131072/131072 bytes at offset 0
XXX Bytes, X ops; XX:XX:XX.X (XXX YYY/sec and XXX ops/sec)
wrote 131077/131077 bytes at offset 131072
XXX Bytes, X ops; XX:XX:XX.X (XXX YYY/sec and XXX ops/sec)
wrote 1048576/1048576 bytes at offset 0
XXX Bytes, X ops; XX:XX:XX.X (XXX YYY/sec and XXX ops/sec)
Creating snapshot and the full send stream for it...
linked 0/0 bytes at offset 0
XXX Bytes, X ops; XX:XX:XX.X (XXX YYY/sec and XXX ops/sec)
Creating another snapshot and the incremental send stream for it...
File digests in the original filesystem:
c3bb068b7e21d3f009581f047be84f44  SCRATCH_MNT/snap1/foo
ca539970d4b1fa1f34213ba675007381  SCRATCH_MNT/snap1/bar
c3bb068b7e21d3f009581f047be84f44  SCRATCH_MNT/snap2/foo
c3bb068b7e21d3f009581f047be84f44  SCRATCH_MNT/snap2/bar
Creating a new filesystem to receive the send streams...
At subvol snap1
At snapshot snap2
File digests in the new filesystem:
c3bb068b7e21d3f009581f047be84f44  SCRATCH_MNT/snap1/foo
ca539970d4b1fa1f34213ba675007381  SCRATCH_MNT/snap1/bar
c3bb068b7e21d3f009581f047be84f44  SCRATCH_MNT/snap2/foo
c3bb068b7e21d3f009581f047be84f44  SCRATCH_MNT/snap2/bar
