QA output created by 323
mount: SCRATCH_MNT: WARNING: source write-protected, mounted read-only.
SCRATCH_MNT
SCRATCH_MNT
