QA output created by 327
277f3840b275c74d01e979ea9d75ac19
