QA output created by 060
== Check Simple Metacopy ==
check properties of metadata copied up file
Unmount and Mount again
check properties of metadata copied up file
check properties of data copied up file

== Check Midlayer Metacopy ==
check properties of metadata copied up file
Unmount and Mount again
check properties of metadata copied up file
check properties of data copied up file

== Check Rename Redirect ==
check properties of metadata copied up file
Unmount and Mount again
check properties of metadata copied up file
check properties of data copied up file

== Check Midlayer Rename Redirect ==
check properties of metadata copied up file
Unmount and Mount again
check properties of metadata copied up file
check properties of data copied up file

== Check Link Redirect ==
check properties of metadata copied up file
Unmount and Mount again
check properties of metadata copied up file
check properties of data copied up file

== Check Midlayer Link Redirect ==
check properties of metadata copied up file
Unmount and Mount again
check properties of metadata copied up file
check properties of data copied up file

== Check Lower Link Rename Absolute Redirect ==
check properties of metadata copied up file
Unmount and Mount again
check properties of metadata copied up file
check properties of data copied up file

== Check follow to lowerdata without redirect ==
check properties of metadata copied up file
Unmount and Mount again
check properties of metadata copied up file
check properties of data copied up file

== Check follow to lowerdata with relative redirect ==
check properties of metadata copied up file
Unmount and Mount again
check properties of metadata copied up file
check properties of data copied up file

== Check follow to lowerdata with absolute redirect ==
check properties of metadata copied up file
Unmount and Mount again
check properties of metadata copied up file
check properties of data copied up file
