QA output created by 066
Try mount with locked upper/work dirs
mount: device already mounted or mount point busy
mount: device already mounted or mount point busy
Retry after shutdown
cat: SCRATCH_MNT/foo: Input/output error
