QA output created by 084

== Check xattr escape trusted ==
# file: SCRATCH_MNT/layer2/dir
trusted.overlay.opaque="y"
user.overlay.opaque="y"

# file: SCRATCH_DEV/mid/layer2/dir
trusted.overlay.overlay.opaque="y"
user.overlay.opaque="y"

# file: SCRATCH_MNT/layer2/dir
trusted.overlay.opaque="y"
user.overlay.opaque="y"

nested xattr mount with trusted.overlay
stat: cannot statx 'SCRATCH_DEV/nested/dir/file': No such file or directory
nested xattr mount with user.overlay
stat: cannot statx 'SCRATCH_DEV/nested/dir/file': No such file or directory
copy-up of escaped xattrs
# file: SCRATCH_DEV/upper/layer2/dir
trusted.overlay.overlay.opaque="y"


== Check xattr escape user ==
# file: SCRATCH_MNT/layer2/dir
trusted.overlay.opaque="y"
user.overlay.opaque="y"

# file: SCRATCH_DEV/mid/layer2/dir
trusted.overlay.opaque="y"
user.overlay.overlay.opaque="y"

# file: SCRATCH_MNT/layer2/dir
trusted.overlay.opaque="y"
user.overlay.opaque="y"

nested xattr mount with trusted.overlay
stat: cannot statx 'SCRATCH_DEV/nested/dir/file': No such file or directory
nested xattr mount with user.overlay
stat: cannot statx 'SCRATCH_DEV/nested/dir/file': No such file or directory
copy-up of escaped xattrs
# file: SCRATCH_DEV/upper/layer2/dir
user.overlay.overlay.opaque="y"


== Check xwhiteout trusted ==
regular
stat: cannot statx 'SCRATCH_MNT/hidden': No such file or directory

== Check xwhiteout user ==
regular
stat: cannot statx 'SCRATCH_MNT/hidden': No such file or directory

== Check escaped xwhiteout trusted ==
regular
stat: cannot statx 'SCRATCH_MNT/hidden': No such file or directory

== Check escaped xwhiteout user ==
regular
stat: cannot statx 'SCRATCH_MNT/hidden': No such file or directory
