QA output created by 087
=== syncfs after shutdown
syncfs: Input/output error
=== syncfs after shutdown (volatile)
