QA output created by 088

== Check no follow to lowerdata layer without redirect ==
No access to lowerdata layer datafile
Unmount and Mount rw
No access to lowerdata layer datafile
No access to lowerdata layer datafile2
Unmount and Mount rw
No access to lowerdata layer datafile2
No access to lowerdata layer shared
Unmount and Mount rw
No access to lowerdata layer shared

== Check no follow to lowerdata layer with relative redirect ==
No access to lowerdata layer datafile
Unmount and Mount rw
No access to lowerdata layer datafile
No access to lowerdata layer datafile2
Unmount and Mount rw
No access to lowerdata layer datafile2
No access to lowerdata layer shared
Unmount and Mount rw
No access to lowerdata layer shared

== Check follow to lowerdata layer with absolute redirect ==
Mount ro
check properties of copied up file datafile
Unmount and Mount rw
check properties of copied up file datafile
Mount ro
check properties of copied up file datafile2
Unmount and Mount rw
check properties of copied up file datafile2
Mount ro
check properties of copied up file shared
Unmount and Mount rw
check properties of copied up file shared

== Check lazy follow to lowerdata layer ==
