QA output created by 089

== Check fsverity validation ==

== Check fsverity require ==
