QA output created by 007
compression ratio is: 64 / 256
check fs after compress
check fs after release_cblocks
check fs after reserve_cblocks
check fs after decompress
compression ratio is: 128 / 256
check fs after compress
check fs after release_cblocks
check fs after reserve_cblocks
check fs after decompress
compression ratio is: 192 / 256
check fs after compress
check fs after release_cblocks
check fs after reserve_cblocks
check fs after decompress
